// Jest Snapshot v1, https://goo.gl/fbAQLP

exports[`<App /> renders the page 1`] = `ShallowWrapper {}`;
